------------------------------------------------------------
Timing Analyzer Summary
------------------------------------------------------------

Type  : Slow 1100mV 100C Model Setup 'clk'
Slack : 17.444
TNS   : 0.000

Type  : Slow 1100mV 100C Model Hold 'clk'
Slack : 0.450
TNS   : 0.000

Type  : Slow 1100mV 100C Model Minimum Pulse Width 'clk'
Slack : 9.174
TNS   : 0.000

Type  : Slow 1100mV -40C Model Setup 'clk'
Slack : 17.558
TNS   : 0.000

Type  : Slow 1100mV -40C Model Hold 'clk'
Slack : 0.485
TNS   : 0.000

Type  : Slow 1100mV -40C Model Minimum Pulse Width 'clk'
Slack : 9.282
TNS   : 0.000

Type  : Fast 1100mV 100C Model Setup 'clk'
Slack : 18.820
TNS   : 0.000

Type  : Fast 1100mV 100C Model Hold 'clk'
Slack : 0.184
TNS   : 0.000

Type  : Fast 1100mV 100C Model Minimum Pulse Width 'clk'
Slack : 9.107
TNS   : 0.000

Type  : Fast 1100mV -40C Model Setup 'clk'
Slack : 18.969
TNS   : 0.000

Type  : Fast 1100mV -40C Model Hold 'clk'
Slack : 0.169
TNS   : 0.000

Type  : Fast 1100mV -40C Model Minimum Pulse Width 'clk'
Slack : 9.051
TNS   : 0.000

------------------------------------------------------------
